

*******************************************************************************
Sat Feb 21 14:16:02 2026


FIT:    data read from "out.times" using 1:2
        format = x:z
        #datapoints = 14
        residuals are weighted equally (unit weight)

function used for fitting: f(x)
	f(x) = a + b / x
fitted parameters initialized with current variable values

iter      chisq       delta/lim  lambda   a             b            
   0 1.6890126807e+02   0.00e+00  2.48e+00    1.000000e+00   1.000000e+01
   4 8.8576843514e-03  -3.80e-06  2.48e-04    1.868381e-01   1.474450e+00

After 4 iterations the fit converged.
final sum of squares of residuals : 0.00885768
rel. change during last iteration : -3.80219e-11

degrees of freedom    (FIT_NDF)                        : 12
rms of residuals      (FIT_STDFIT) = sqrt(WSSR/ndf)    : 0.0271687
variance of residuals (reduced chisquare) = WSSR/ndf   : 0.00073814

Final set of parameters            Asymptotic Standard Error
=======================            ==========================
a               = 0.186838         +/- 0.01006      (5.385%)
b               = 1.47445          +/- 0.02999      (2.034%)

correlation matrix of the fit parameters:
                a      b      
a               1.000 
b              -0.692  1.000 


*******************************************************************************
Sat Feb 21 14:16:43 2026


FIT:    data read from "out.times" using 1:2
        format = x:z
        #datapoints = 14
        residuals are weighted equally (unit weight)

function used for fitting: f(x)
	f(x) = a + b / x
fitted parameters initialized with current variable values

iter      chisq       delta/lim  lambda   a             b            
   0 1.6890126807e+02   0.00e+00  2.48e+00    1.000000e+00   1.000000e+01
   4 8.8576843514e-03  -3.80e-06  2.48e-04    1.868381e-01   1.474450e+00

After 4 iterations the fit converged.
final sum of squares of residuals : 0.00885768
rel. change during last iteration : -3.80219e-11

degrees of freedom    (FIT_NDF)                        : 12
rms of residuals      (FIT_STDFIT) = sqrt(WSSR/ndf)    : 0.0271687
variance of residuals (reduced chisquare) = WSSR/ndf   : 0.00073814

Final set of parameters            Asymptotic Standard Error
=======================            ==========================
a               = 0.186838         +/- 0.01006      (5.385%)
b               = 1.47445          +/- 0.02999      (2.034%)

correlation matrix of the fit parameters:
                a      b      
a               1.000 
b              -0.692  1.000 


*******************************************************************************
Sat Feb 21 14:19:03 2026


FIT:    data read from "out.times" using 1:2
        format = x:z
        #datapoints = 14
        residuals are weighted equally (unit weight)

function used for fitting: f(x)
	f(x) = a + b / x
fitted parameters initialized with current variable values

iter      chisq       delta/lim  lambda   a             b            
   0 1.6890126807e+02   0.00e+00  2.48e+00    1.000000e+00   1.000000e+01
   4 8.8576843514e-03  -3.80e-06  2.48e-04    1.868381e-01   1.474450e+00

After 4 iterations the fit converged.
final sum of squares of residuals : 0.00885768
rel. change during last iteration : -3.80219e-11

degrees of freedom    (FIT_NDF)                        : 12
rms of residuals      (FIT_STDFIT) = sqrt(WSSR/ndf)    : 0.0271687
variance of residuals (reduced chisquare) = WSSR/ndf   : 0.00073814

Final set of parameters            Asymptotic Standard Error
=======================            ==========================
a               = 0.186838         +/- 0.01006      (5.385%)
b               = 1.47445          +/- 0.02999      (2.034%)

correlation matrix of the fit parameters:
                a      b      
a               1.000 
b              -0.692  1.000 
