

*******************************************************************************
Thu Mar 12 16:28:34 2026


FIT:    data read from "times.txt" using 1:2
        format = x:z
        #datapoints = 14
        residuals are weighted equally (unit weight)

function used for fitting: f(x)
	f(x) = a + b* x + c* x**2 + d * x**3
fitted parameters initialized with current variable values

iter      chisq       delta/lim  lambda   a             b             c             d            
   0 1.9123128857e+19   0.00e+00  5.84e+08    1.000000e+00   1.000000e+00   1.000000e+00   1.000000e+00
  13 1.2505484821e+01  -1.03e-08  5.84e-05   -7.424775e+00   5.670618e-02  -1.171280e-04   8.682367e-08

After 13 iterations the fit converged.
final sum of squares of residuals : 12.5055
rel. change during last iteration : -1.0341e-13

degrees of freedom    (FIT_NDF)                        : 10
rms of residuals      (FIT_STDFIT) = sqrt(WSSR/ndf)    : 1.11828
variance of residuals (reduced chisquare) = WSSR/ndf   : 1.25055

Final set of parameters            Asymptotic Standard Error
=======================            ==========================
a               = -7.42478         +/- 1.604        (21.6%)
b               = 0.0567062        +/- 0.00894      (15.77%)
c               = -0.000117128     +/- 1.361e-05    (11.62%)
d               = 8.68237e-08      +/- 5.977e-09    (6.884%)

correlation matrix of the fit parameters:
                a      b      c      d      
a               1.000 
b              -0.918  1.000 
c               0.830 -0.976  1.000 
d              -0.760  0.934 -0.988  1.000 
